[lab] ok_aes256gcm_ecp384 ...
[lab]   handshake_ok=True
[lab] ok_aes256gcm_curve25519 ...
[lab]   handshake_ok=True
[lab] ok_aes256_sha384_modp3072 ...
[lab]   handshake_ok=True
[lab] ok_aes256_sha256_modp2048 ...
[lab]   handshake_ok=True
[lab] ok_aes128_sha256_modp2048 ...
[lab]   handshake_ok=True
[lab] ok_aes128gcm_ecp256 ...
[lab]   handshake_ok=True
[lab] ok_aes256_sha512_modp4096 ...
[lab]   handshake_ok=True
[lab] ok_aes192_sha384_ecp384 ...
[lab]   handshake_ok=True
[lab] ok_aes256_sha256_ecp256_b ...
[lab]   handshake_ok=True
[lab] ok_aes256gcm_modp3072 ...
[lab]   handshake_ok=True
[lab] ok_aes128_sha256_curve25519 ...
[lab]   handshake_ok=True
[lab] ok_aes256_sha384_ecp521 ...
[lab]   handshake_ok=True
[lab] weak_ikev1_aggressive_psk ...
[lab]   handshake_ok=False
[lab] weak_3des_sha1_modp1024 ...
[lab]   handshake_ok=True
[lab] weak_3des_sha1_modp2048 ...
[lab]   handshake_ok=True
[lab] weak_aes128_md5_modp1024 ...
[lab]   handshake_ok=True
[lab] weak_no_pfs ...
[lab]   handshake_ok=True
[lab] weak_ikev1_main_3des_modp1024 ...
[lab]   handshake_ok=True
[lab] weak_ikev1_main_aes_modp2048 ...
[lab]   handshake_ok=True
[lab] weak_des_md5_modp768 ...
[lab]   handshake_ok=True
[lab] downgrade_offer_strong_chosen_weak ...
[lab]   handshake_ok=True
[lab] downgrade_retry_after_reject ...
[lab]   handshake_ok=True
[lab] downgrade_dh_only ...
[lab]   handshake_ok=True
